[15:51:59] [33mWARN[39m: [36mavailabilityScore invalid ΓÇö using default[39m
    service: "uris-backend"
    default: 0
[15:51:59] [33mWARN[39m: [36mtli invalid ΓÇö using default[39m
    service: "uris-backend"
    default: 0
[15:51:59] [33mWARN[39m: [36mperformanceIndex invalid ΓÇö using default[39m
    service: "uris-backend"
    default: 3
[15:51:59] [33mWARN[39m: [36mcredibilityScore invalid ΓÇö using default[39m
    service: "uris-backend"
    default: 50
[15:51:59] [33mWARN[39m: [36mavailabilityScore invalid ΓÇö using default[39m
    service: "uris-backend"
    default: 0
[15:51:59] [33mWARN[39m: [36mtli invalid ΓÇö using default[39m
    service: "uris-backend"
    default: 0
[15:51:59] [33mWARN[39m: [36mperformanceIndex invalid ΓÇö using default[39m
    service: "uris-backend"
    default: 3
[15:51:59] [33mWARN[39m: [36mcredibilityScore invalid ΓÇö using default[39m
    service: "uris-backend"
    default: 50
[15:51:59] [33mWARN[39m: [36mavailabilityScore invalid ΓÇö using default[39m
    service: "uris-backend"
    default: 0
[15:51:59] [33mWARN[39m: [36mtli invalid ΓÇö using default[39m
    service: "uris-backend"
    default: 0
[15:51:59] [33mWARN[39m: [36mperformanceIndex invalid ΓÇö using default[39m
    service: "uris-backend"
    default: 3
[15:51:59] [33mWARN[39m: [36mcredibilityScore invalid ΓÇö using default[39m
    service: "uris-backend"
    default: 50
[15:51:59] [33mWARN[39m: [36mavailabilityScore invalid ΓÇö using default[39m
    service: "uris-backend"
    received: null
    default: 0
[15:51:59] [33mWARN[39m: [36mtli invalid ΓÇö using default[39m
    service: "uris-backend"
    received: null
    default: 0
[15:51:59] [33mWARN[39m: [36mperformanceIndex invalid ΓÇö using default[39m
    service: "uris-backend"
    received: null
    default: 3
[15:51:59] [33mWARN[39m: [36mcredibilityScore invalid ΓÇö using default[39m
    service: "uris-backend"
    received: null
    default: 50
[15:52:00] [32mINFO[39m: [36mPerformance weights loaded from env[39m
    service: "uris-backend"
    qualityWeight: 0.5
    timelinessWeight: 0.3
    initiativeWeight: 0.2
    rpiWindowDays: 30
